KEY              VALUE           EFFECTIVE               DEFAULT                 SOURCE
kb_enrich_model                  vendor/kb               vendor/kb               default
max_run_usd      5               5                       1                       override
models.agent     {"tier":"pro"}  {"tier":"pro"}          {"tier":"standard"}     override
models.image                     {"model":"vendor/img"}  {"model":"vendor/img"}  default
