# Export eeee1111-0000-0000-0000-000000000001

- mailbox: owner@x.com
- harvested_at: 2026-07-06T10:00:00Z
- cleaned: true
- threads: 2

| span | domains | subject | msgs | file |
|---|---|---|---|---|
| 2025-02-10 | acme.com, x.com | Re: Invoice #42 question | 2 | threads/2025-02--re-invoice-42-question--1.md |
| 2025-03-01 | example.org, x.com | Another subject | 1 | threads/2025-03--another-subject--2.md |
