Run:                    11111111-1111-1111-1111-111111111111
Status:                 done
Kind:                   prompt
Trigger:                test
Brain ref:              dev/refund-rework
Brain resolved:         dev/refund-rework @ abc123def456
Tenant:                 de-kies
Tenant settings:        source=cli  synced_at=2026-06-22T10:00:00Z  version=sha256:tenantabc  selectors=4
Tenant settings drift:  1 changed
Grounding:              2 sources  1 attention  1 drift fields  captured=2026-06-19T09:00:03Z  checked=2026-06-25T10:05:00Z
Model:                  claude-opus-4-8
Created:                2026-06-19T09:00:00Z
Finished:               2026-06-19T09:01:30Z
Cost:                   $1.08
Tokens:                 4210
Question:               Do I still have open invoices?
Trace:                  https://trace.example/abc123

Careful: when this run happened, these tenant settings differed from the current config.
  practice_name: then De Kies; now De Nieuwe Kies

Grounding sources (2):
  !  SOURCE      SNAPSHOT                        SYNC                             CURRENT                      DRIFT
  !  kb/kb       /kb intercom/en@93fa1200babe    ok last_ok=2026-06-19T08:50:00Z  intercom/en@1200babe93fa ok  commit_sha
     mirror/app  /mirrors/app main@abc123def456  ok last_ok=2026-06-19T08:55:00Z  main@abc123def456 ok         -

Egress (2):
  HOST            COUNT  BLOCKED
  api.stripe.com  3      no
  evil.example    1      yes

Timeline (3):

#1  grounding (warm start)  ok  exit=0  40ms  2026-06-19T09:00:05Z
    reasoning: Pull the customer's recent invoices.

#2  bash  ok  exit=0  120ms  2026-06-19T09:00:10Z
    claude-opus-4-8  $0.4200  1800 tok
    $ psql -c 'select count(*) from invoices where paid is false'
    stdout: 2

#3  reply  ok  exit=0  30ms  2026-06-19T09:01:25Z
    claude-opus-4-8  $0.6600  2410 tok
    args: { "channel": "email" }
    draft=true note=true

System prompt:
You are rootcause. Answer from grounded data only.

Draft:
You have 2 open invoices totalling $480.

Note (proposals):


Note (anomaly):
customer_id had no index; query was slow
