ID                                    STATUS    SCOPE        KIND               CHANGE                           SOURCE          CREATED
5a1f0c2e-1111-4000-8000-000000000001  proposed  project      hierarchy_set      persona.tone = warm, concise     consolidation   2026-09-20
5a1f0c2e-2222-4000-8000-000000000002  proposed  tenant acme  triage_rule_add    skip sender_domain=news.example  mining          2026-09-19
77aa0c2e-3333-4000-8000-000000000003  rejected  project      triage_policy_set  guidance = Skip invoices         dashboard_chat  2026-09-18
