ID      ACTION_MODE  ACTION_RUNNER_URL                NAME         PROJECT_BRAIN_REF  SCOPE_VALUE  SLUG    STATUS
acme                                                  Acme Dental  stable             103          acme    active
globex  embassy      https://embassy.globex.test/run  Globex       stable             204          globex  archived
