scope: tenant  project: alpha  tenant: de-kies

Local overrides:
  channel:
    labeling_enabled = true
  persona:
    signature = The Acme Team
    tone = tenant crisp

Resolved:
  channel:
    labeling_enabled = true (tenant)
  persona:
    language = Dutch (project)
    signature = The Acme Team (tenant)
    tone = tenant crisp (tenant)
