Thread: 11111111-2222-3333-4444-555555555555
Resolved by: session id (thread id matched nothing)

1 run(s), newest first:
RUN       KIND   STATUS  OUTCOME   CATEGORY  HEALTH  DRAFT  CREATED               TOPIC
cccccccc  email  done    declined  ok        -       note   2026-06-22T11:00:00Z  thanks message

Likely: the agent declined to draft — The sender only said thank you; there is nothing to action, so no draft is warranted. (its own words; full text in `rc run <id> --full`).

ReplyPen side pending (separate endpoint)
